// Vitest Snapshot v1, https://vitest.dev/guide/snapshot.html

exports[`CardHome Basic Functionality > Rendering > should render card with all content correctly 1`] = `
<div
  data-testid="tilt-wrapper"
  scale="1.05"
  tiltmaxanglex="10"
  tiltmaxangley="10"
>
  <button
    aria-label="Navigate to Software Solutions section - Advanced radiation dosimetry software for comprehensive dose management and analysis."
    style="background: white;"
  >
    <div
      style="width: 80px; height: 80px; margin-bottom: 15px;"
    >
      <img
        alt="Card icon - Software Solutions"
        data-nimg="1"
        decoding="async"
        height="80"
        loading="lazy"
        src="/_next/image?url=%2FImages%2Fsoftware-icon.png&w=256&q=80"
        srcset="/_next/image?url=%2FImages%2Fsoftware-icon.png&w=96&q=80 1x, /_next/image?url=%2FImages%2Fsoftware-icon.png&w=256&q=80 2x"
        style="color: transparent;"
        width="80"
      />
    </div>
    <h4>
      Software Solutions
    </h4>
    <p>
      Advanced radiation dosimetry software for comprehensive dose management and analysis.
    </p>
    <div>
      <div>
        <svg
          aria-hidden="true"
          class="svg-inline--fa fa-right-long "
          data-icon="right-long"
          data-prefix="fas"
          focusable="false"
          role="img"
          viewBox="0 0 512 512"
          xmlns="http://www.w3.org/2000/svg"
        >
          <path
            d="M334.5 414c8.8 3.8 19 2 26-4.6l144-136c4.8-4.5 7.5-10.8 7.5-17.4s-2.7-12.9-7.5-17.4l-144-136c-7-6.6-17.2-8.4-26-4.6s-14.5 12.5-14.5 22l0 72L32 192c-17.7 0-32 14.3-32 32l0 64c0 17.7 14.3 32 32 32l288 0 0 72c0 9.6 5.7 18.2 14.5 22z"
            fill="currentColor"
          />
        </svg>
      </div>
    </div>
  </button>
</div>
`;
